[byok-only] 1/13 ... [0m[31m[diagnostic] cdp-refused: 127.0.0.1:9222 was already serving targets before this launch — not attaching (would hit a foreign app). Timeline-derived facts are unaffected.[0m
[0m[31m[diagnostic] window.api check failed/timed out: Error: cdp-refused: foreign app owns port 9222[0m
[0m[31m[diagnostic] boundedCdp "screenshot" threw: Error: cdp-refused: port 9222 was occupied by a foreign app before launch[0m
[0m[31m[diagnostic] boundedCdp "auth.getState" threw: Error: cdp-refused: port 9222 was occupied by a foreign app before launch[0m
[0m[31m[diagnostic] boundedCdp "rendererSurface" threw: Error: cdp-refused: port 9222 was occupied by a foreign app before launch[0m
[0m[31m[diagnostic] boundedCdp "unavailableVisible" threw: Error: cdp-refused: port 9222 was occupied by a foreign app before launch[0m
model-ready=7278ms refresh=n/a
[byok-only] 2/13 ... [0m[31m[diagnostic] cdp-refused: 127.0.0.1:9222 was already serving targets before this launch — not attaching (would hit a foreign app). Timeline-derived facts are unaffected.[0m
[0m[31m[diagnostic] window.api check failed/timed out: Error: cdp-refused: foreign app owns port 9222[0m
[0m[31m[diagnostic] boundedCdp "screenshot" threw: Error: cdp-refused: port 9222 was occupied by a foreign app before launch[0m
[0m[31m[diagnostic] boundedCdp "auth.getState" threw: Error: cdp-refused: port 9222 was occupied by a foreign app before launch[0m
[0m[31m[diagnostic] boundedCdp "rendererSurface" threw: Error: cdp-refused: port 9222 was occupied by a foreign app before launch[0m
[0m[31m[diagnostic] boundedCdp "unavailableVisible" threw: Error: cdp-refused: port 9222 was occupied by a foreign app before launch[0m
model-ready=3955ms refresh=n/a
[byok-only] 3/13 ... [0m[31m[diagnostic] cdp-refused: 127.0.0.1:9222 was already serving targets before this launch — not attaching (would hit a foreign app). Timeline-derived facts are unaffected.[0m
[0m[31m[diagnostic] window.api check failed/timed out: Error: cdp-refused: foreign app owns port 9222[0m
[0m[31m[diagnostic] boundedCdp "screenshot" threw: Error: cdp-refused: port 9222 was occupied by a foreign app before launch[0m
[0m[31m[diagnostic] boundedCdp "auth.getState" threw: Error: cdp-refused: port 9222 was occupied by a foreign app before launch[0m
[0m[31m[diagnostic] boundedCdp "rendererSurface" threw: Error: cdp-refused: port 9222 was occupied by a foreign app before launch[0m
[0m[31m[diagnostic] boundedCdp "unavailableVisible" threw: Error: cdp-refused: port 9222 was occupied by a foreign app before launch[0m
model-ready=3922ms refresh=n/a
[byok-only] 4/13 ... [0m[31m[diagnostic] cdp-refused: 127.0.0.1:9222 was already serving targets before this launch — not attaching (would hit a foreign app). Timeline-derived facts are unaffected.[0m
[0m[31m[diagnostic] window.api check failed/timed out: Error: cdp-refused: foreign app owns port 9222[0m
[0m[31m[diagnostic] boundedCdp "screenshot" threw: Error: cdp-refused: port 9222 was occupied by a foreign app before launch[0m
[0m[31m[diagnostic] boundedCdp "auth.getState" threw: Error: cdp-refused: port 9222 was occupied by a foreign app before launch[0m
[0m[31m[diagnostic] boundedCdp "rendererSurface" threw: Error: cdp-refused: port 9222 was occupied by a foreign app before launch[0m
[0m[31m[diagnostic] boundedCdp "unavailableVisible" threw: Error: cdp-refused: port 9222 was occupied by a foreign app before launch[0m
model-ready=3992ms refresh=n/a
[byok-only] 5/13 ... [0m[31m[diagnostic] cdp-refused: 127.0.0.1:9222 was already serving targets before this launch — not attaching (would hit a foreign app). Timeline-derived facts are unaffected.[0m
[0m[31m[diagnostic] window.api check failed/timed out: Error: cdp-refused: foreign app owns port 9222[0m
[0m[31m[diagnostic] boundedCdp "screenshot" threw: Error: cdp-refused: port 9222 was occupied by a foreign app before launch[0m
[0m[31m[diagnostic] boundedCdp "auth.getState" threw: Error: cdp-refused: port 9222 was occupied by a foreign app before launch[0m
[0m[31m[diagnostic] boundedCdp "rendererSurface" threw: Error: cdp-refused: port 9222 was occupied by a foreign app before launch[0m
[0m[31m[diagnostic] boundedCdp "unavailableVisible" threw: Error: cdp-refused: port 9222 was occupied by a foreign app before launch[0m
model-ready=3826ms refresh=n/a
[byok-only] 6/13 ... [0m[31m[diagnostic] cdp-refused: 127.0.0.1:9222 was already serving targets before this launch — not attaching (would hit a foreign app). Timeline-derived facts are unaffected.[0m
[0m[31m[diagnostic] window.api check failed/timed out: Error: cdp-refused: foreign app owns port 9222[0m
[0m[31m[diagnostic] boundedCdp "screenshot" threw: Error: cdp-refused: port 9222 was occupied by a foreign app before launch[0m
[0m[31m[diagnostic] boundedCdp "auth.getState" threw: Error: cdp-refused: port 9222 was occupied by a foreign app before launch[0m
[0m[31m[diagnostic] boundedCdp "rendererSurface" threw: Error: cdp-refused: port 9222 was occupied by a foreign app before launch[0m
[0m[31m[diagnostic] boundedCdp "unavailableVisible" threw: Error: cdp-refused: port 9222 was occupied by a foreign app before launch[0m
model-ready=3962ms refresh=n/a
[byok-only] 7/13 ... [0m[31m[diagnostic] cdp-refused: 127.0.0.1:9222 was already serving targets before this launch — not attaching (would hit a foreign app). Timeline-derived facts are unaffected.[0m
[0m[31m[diagnostic] window.api check failed/timed out: Error: cdp-refused: foreign app owns port 9222[0m
[0m[31m[diagnostic] boundedCdp "screenshot" threw: Error: cdp-refused: port 9222 was occupied by a foreign app before launch[0m
[0m[31m[diagnostic] boundedCdp "auth.getState" threw: Error: cdp-refused: port 9222 was occupied by a foreign app before launch[0m
[0m[31m[diagnostic] boundedCdp "rendererSurface" threw: Error: cdp-refused: port 9222 was occupied by a foreign app before launch[0m
[0m[31m[diagnostic] boundedCdp "unavailableVisible" threw: Error: cdp-refused: port 9222 was occupied by a foreign app before launch[0m
model-ready=3969ms refresh=n/a
[byok-only] 8/13 ... [0m[31m[diagnostic] cdp-refused: 127.0.0.1:9222 was already serving targets before this launch — not attaching (would hit a foreign app). Timeline-derived facts are unaffected.[0m
[0m[31m[diagnostic] window.api check failed/timed out: Error: cdp-refused: foreign app owns port 9222[0m
[0m[31m[diagnostic] boundedCdp "screenshot" threw: Error: cdp-refused: port 9222 was occupied by a foreign app before launch[0m
[0m[31m[diagnostic] boundedCdp "auth.getState" threw: Error: cdp-refused: port 9222 was occupied by a foreign app before launch[0m
[0m[31m[diagnostic] boundedCdp "rendererSurface" threw: Error: cdp-refused: port 9222 was occupied by a foreign app before launch[0m
[0m[31m[diagnostic] boundedCdp "unavailableVisible" threw: Error: cdp-refused: port 9222 was occupied by a foreign app before launch[0m
model-ready=3865ms refresh=n/a
[byok-only] 9/13 ... [0m[31m[diagnostic] cdp-refused: 127.0.0.1:9222 was already serving targets before this launch — not attaching (would hit a foreign app). Timeline-derived facts are unaffected.[0m
[0m[31m[diagnostic] window.api check failed/timed out: Error: cdp-refused: foreign app owns port 9222[0m
[0m[31m[diagnostic] boundedCdp "screenshot" threw: Error: cdp-refused: port 9222 was occupied by a foreign app before launch[0m
[0m[31m[diagnostic] boundedCdp "auth.getState" threw: Error: cdp-refused: port 9222 was occupied by a foreign app before launch[0m
[0m[31m[diagnostic] boundedCdp "rendererSurface" threw: Error: cdp-refused: port 9222 was occupied by a foreign app before launch[0m
[0m[31m[diagnostic] boundedCdp "unavailableVisible" threw: Error: cdp-refused: port 9222 was occupied by a foreign app before launch[0m
model-ready=3982ms refresh=n/a
[byok-only] 10/13 ... [0m[31m[diagnostic] cdp-refused: 127.0.0.1:9222 was already serving targets before this launch — not attaching (would hit a foreign app). Timeline-derived facts are unaffected.[0m
[0m[31m[diagnostic] window.api check failed/timed out: Error: cdp-refused: foreign app owns port 9222[0m
[0m[31m[diagnostic] boundedCdp "screenshot" threw: Error: cdp-refused: port 9222 was occupied by a foreign app before launch[0m
[0m[31m[diagnostic] boundedCdp "auth.getState" threw: Error: cdp-refused: port 9222 was occupied by a foreign app before launch[0m
[0m[31m[diagnostic] boundedCdp "rendererSurface" threw: Error: cdp-refused: port 9222 was occupied by a foreign app before launch[0m
[0m[31m[diagnostic] boundedCdp "unavailableVisible" threw: Error: cdp-refused: port 9222 was occupied by a foreign app before launch[0m
model-ready=3906ms refresh=n/a
[byok-only] 11/13 ... [0m[31m[diagnostic] cdp-refused: 127.0.0.1:9222 was already serving targets before this launch — not attaching (would hit a foreign app). Timeline-derived facts are unaffected.[0m
[0m[31m[diagnostic] window.api check failed/timed out: Error: cdp-refused: foreign app owns port 9222[0m
[0m[31m[diagnostic] boundedCdp "screenshot" threw: Error: cdp-refused: port 9222 was occupied by a foreign app before launch[0m
[0m[31m[diagnostic] boundedCdp "auth.getState" threw: Error: cdp-refused: port 9222 was occupied by a foreign app before launch[0m
[0m[31m[diagnostic] boundedCdp "rendererSurface" threw: Error: cdp-refused: port 9222 was occupied by a foreign app before launch[0m
[0m[31m[diagnostic] boundedCdp "unavailableVisible" threw: Error: cdp-refused: port 9222 was occupied by a foreign app before launch[0m
model-ready=3967ms refresh=n/a
[byok-only] 12/13 ... [0m[31m[diagnostic] cdp-refused: 127.0.0.1:9222 was already serving targets before this launch — not attaching (would hit a foreign app). Timeline-derived facts are unaffected.[0m
[0m[31m[diagnostic] window.api check failed/timed out: Error: cdp-refused: foreign app owns port 9222[0m
[0m[31m[diagnostic] boundedCdp "screenshot" threw: Error: cdp-refused: port 9222 was occupied by a foreign app before launch[0m
[0m[31m[diagnostic] boundedCdp "auth.getState" threw: Error: cdp-refused: port 9222 was occupied by a foreign app before launch[0m
[0m[31m[diagnostic] boundedCdp "rendererSurface" threw: Error: cdp-refused: port 9222 was occupied by a foreign app before launch[0m
[0m[31m[diagnostic] boundedCdp "unavailableVisible" threw: Error: cdp-refused: port 9222 was occupied by a foreign app before launch[0m
model-ready=4203ms refresh=n/a
[byok-only] 13/13 ... [0m[31m[diagnostic] cdp-refused: 127.0.0.1:9222 was already serving targets before this launch — not attaching (would hit a foreign app). Timeline-derived facts are unaffected.[0m
[0m[31m[diagnostic] window.api check failed/timed out: Error: cdp-refused: foreign app owns port 9222[0m
[0m[31m[diagnostic] boundedCdp "screenshot" threw: Error: cdp-refused: port 9222 was occupied by a foreign app before launch[0m
[0m[31m[diagnostic] boundedCdp "auth.getState" threw: Error: cdp-refused: port 9222 was occupied by a foreign app before launch[0m
[0m[31m[diagnostic] boundedCdp "rendererSurface" threw: Error: cdp-refused: port 9222 was occupied by a foreign app before launch[0m
[0m[31m[diagnostic] boundedCdp "unavailableVisible" threw: Error: cdp-refused: port 9222 was occupied by a foreign app before launch[0m
model-ready=3663ms refresh=n/a
results: /Users/tide/app/alpha-code/.worktrees/verify-1080-post1056-p95/docs/verification/2026-08-06-req109-110-t7-runtime/results/results.json
latency samples=0 p95=n/ams
